2024.07.31 11:57:20 INFO  Started: Metals version 1.3.4 in folders 'C:\Users\tharu\Desktop\scala\scala\labsheet\labsheet06' for client Visual Studio Code 1.91.1.
SLF4J(W): Class path contains multiple SLF4J providers.
SLF4J(W): Found provider [scribe.slf4j.ScribeServiceProvider@563fe46]
SLF4J(W): Found provider [ch.qos.logback.classic.spi.LogbackServiceProvider@77904534]
SLF4J(W): See https://www.slf4j.org/codes.html#multiple_bindings for an explanation.
SLF4J(I): Actual provider is of type [scribe.slf4j.ScribeServiceProvider@563fe46]
2024.07.31 11:57:21 WARN  Flyway upgrade recommended: H2 2.3.230 is newer than this version of Flyway and support has not been tested. The latest supported version of H2 is 2.2.220.
2024.07.31 11:57:24 INFO  no build target found for C:\Users\tharu\Desktop\scala\scala\labsheet\labsheet06\Q2.scala. Using presentation compiler with project's scala-library version: 3.3.3
2024.07.31 11:57:38 INFO  Running List(C:\Users\tharu\AppData\Local\Coursier\data\bin\scala-cli.BAT, setup-ide, C:\Users\tharu\Desktop\scala\scala\labsheet\labsheet06)
2024.07.31 11:57:40 INFO  Attempting to connect to the build server...
2024.07.31 11:57:40 INFO  Running BSP server List(C:\Users\tharu\AppData\Local\Coursier\data\bin\.scala-cli.aux.exe, bsp, --json-options, C:\Users\tharu\Desktop\scala\scala\labsheet\labsheet06\.scala-build\ide-options-v2.json, --json-launcher-options, C:\Users\tharu\Desktop\scala\scala\labsheet\labsheet06\.scala-build\ide-launcher-options.json, --envs-file, C:\Users\tharu\Desktop\scala\scala\labsheet\labsheet06\.scala-build\ide-envs.json, C:\Users\tharu\Desktop\scala\scala\labsheet\labsheet06)
2024.07.31 11:57:41 INFO  tracing is disabled for protocol BSP, to enable tracing of incoming and outgoing JSON messages create an empty file at C:\Users\tharu\Desktop\scala\scala\labsheet\labsheet06\.metals\bsp.trace.json or C:\Users\tharu\AppData\Local\scalameta\metals\cache\bsp.trace.json
2024.07.31 11:57:49 INFO  time: Connected to build server in 9.07s
2024.07.31 11:57:49 INFO  Connected to Build server: scala-cli v1.3.2
2024.07.31 11:57:49 INFO  running doctor check
2024.07.31 11:57:49 INFO  java targets: labsheet06_f4dd477a3a-test, labsheet06_f4dd477a3a
2024.07.31 11:57:50 INFO  compiling labsheet06_f4dd477a3a (2 scala sources)
2024.07.31 11:57:53 WARN  Flyway upgrade recommended: H2 2.3.230 is newer than this version of Flyway and support has not been tested. The latest supported version of H2 is 2.2.220.
2024.07.31 11:57:54 INFO  time: compiled labsheet06_f4dd477a3a in 4.46s
2024.07.31 11:57:57 INFO  time: indexed workspace in 8.27s
Jul 31, 2024 2:57:23 PM org.eclipse.lsp4j.jsonrpc.RemoteEndpoint handleCancellation
WARNING: Unmatched cancel notification for request id 27
2024.07.31 14:57:45 INFO  Shutting down server
2024.07.31 14:57:45 INFO  shutting down Metals
2024.07.31 14:57:45 INFO  Shut down connection with build server.
2024.07.31 14:57:45 INFO  Exiting server
