2024.08.12 21:11:22 INFO  Started: Metals version 1.3.5 in folders 'C:\Users\tharu\Desktop\scala\scala\labsheet' for client Visual Studio Code 1.92.1.
SLF4J(W): Class path contains multiple SLF4J providers.
SLF4J(W): Found provider [scribe.slf4j.ScribeServiceProvider@57164236]
SLF4J(W): Found provider [ch.qos.logback.classic.spi.LogbackServiceProvider@65a3cc6a]
SLF4J(W): See https://www.slf4j.org/codes.html#multiple_bindings for an explanation.
SLF4J(I): Actual provider is of type [scribe.slf4j.ScribeServiceProvider@57164236]
2024.08.12 21:11:23 WARN  Flyway upgrade recommended: H2 2.3.230 is newer than this version of Flyway and support has not been tested. The latest supported version of H2 is 2.2.220.
2024.08.12 21:11:36 INFO  Running List(C:\Users\tharu\AppData\Local\Coursier\data\bin\scala-cli.BAT, setup-ide, C:\Users\tharu\Desktop\scala\scala\labsheet)
2024.08.12 21:11:37 INFO  Attempting to connect to the build server...
2024.08.12 21:11:37 INFO  Running BSP server List(C:\Users\tharu\AppData\Local\Coursier\data\bin\.scala-cli.aux.exe, bsp, --json-options, C:\Users\tharu\Desktop\scala\scala\labsheet\.scala-build\ide-options-v2.json, --json-launcher-options, C:\Users\tharu\Desktop\scala\scala\labsheet\.scala-build\ide-launcher-options.json, --envs-file, C:\Users\tharu\Desktop\scala\scala\labsheet\.scala-build\ide-envs.json, C:\Users\tharu\Desktop\scala\scala\labsheet)
2024.08.12 21:11:38 INFO  tracing is disabled for protocol BSP, to enable tracing of incoming and outgoing JSON messages create an empty file at C:\Users\tharu\Desktop\scala\scala\labsheet\.metals\bsp.trace.json or C:\Users\tharu\AppData\Local\scalameta\metals\cache\bsp.trace.json
2024.08.12 21:11:43 INFO  BSP server: Starting compilation server
2024.08.12 21:11:56 INFO  time: Connected to build server in 18s
2024.08.12 21:11:56 INFO  Connected to Build server: scala-cli v1.3.2
2024.08.12 21:11:58 INFO  compiling labsheet_f4dd477a3a (17 scala sources)
2024.08.12 21:12:06 INFO  time: Imported build in 10s
2024.08.12 21:12:06 INFO  running doctor check
2024.08.12 21:12:06 INFO  java targets: labsheet_f4dd477a3a-test, labsheet_f4dd477a3a
2024.08.12 21:12:07 INFO  compiling labsheet_f4dd477a3a (17 scala sources)
2024.08.12 21:12:08 INFO  time: compiled labsheet_f4dd477a3a in 1.77s
2024.08.12 21:12:10 INFO  no build target found for C:\Users\tharu\Desktop\scala\scala\labsheet\labsheet08\Q1.scala. Using presentation compiler with project's scala-library version: 3.3.3
2024.08.12 21:12:10 INFO  time: Imported build in 0.1s
2024.08.12 21:12:10 INFO  compiling labsheet_f4dd477a3a (18 scala sources)
2024.08.12 21:12:15 INFO  time: compiled labsheet_f4dd477a3a in 4.68s
2024.08.12 21:12:15 INFO  compiling labsheet_f4dd477a3a (18 scala sources)
2024.08.12 21:12:15 INFO  running doctor check
2024.08.12 21:12:15 INFO  java targets: labsheet_f4dd477a3a-test, labsheet_f4dd477a3a
2024.08.12 21:12:18 INFO  no build target found for C:\Users\tharu\Desktop\scala\scala\labsheet\labsheet08\Q2.scala. Using presentation compiler with project's scala-library version: 3.3.3
2024.08.12 21:12:18 INFO  running doctor check
2024.08.12 21:12:18 INFO  java targets: labsheet_f4dd477a3a-test, labsheet_f4dd477a3a
2024.08.12 21:12:18 INFO  compiling labsheet_f4dd477a3a (19 scala sources)
2024.08.12 21:12:21 WARN  Flyway upgrade recommended: H2 2.3.230 is newer than this version of Flyway and support has not been tested. The latest supported version of H2 is 2.2.220.
2024.08.12 21:12:23 INFO  time: indexed workspace in 5.46s
2024.08.12 21:12:24 INFO  time: indexed workspace in 17s
2024.08.12 21:12:25 INFO  time: indexed workspace in 10s
2024.08.12 21:12:26 INFO  time: compiled labsheet_f4dd477a3a in 7.64s
2024.08.12 21:12:26 INFO  compiling labsheet_f4dd477a3a (19 scala sources)
2024.08.12 21:12:26 INFO  Deduplicating compilation of labsheet_f4dd477a3a from bsp client 'scala-cli 1.3.2' (since 25.372s)
2024.08.12 21:12:26 INFO  compiling labsheet_f4dd477a3a (19 scala sources)
2024.08.12 21:12:26 INFO  time: compiled labsheet_f4dd477a3a in 46ms
2024.08.12 21:12:28 WARN  Could not find semantic tokens for: file:///C:/Users/tharu/Desktop/scala/scala/labsheet/labsheet08/Q2.scala
2024.08.12 21:12:29 WARN  Could not find semantic tokens for: file:///C:/Users/tharu/Desktop/scala/scala/labsheet/labsheet08/Q1.scala
2024.08.12 21:12:32 WARN  Could not find semantic tokens for: file:///C:/Users/tharu/Desktop/scala/scala/labsheet/labsheet08/Q1.scala
2024.08.12 21:12:38 INFO  compiling labsheet_f4dd477a3a (19 scala sources)
2024.08.12 21:12:38 INFO  Deduplicating compilation of labsheet_f4dd477a3a from bsp client 'scala-cli 1.3.2' (since 43.954s)
2024.08.12 21:12:38 INFO  compiling labsheet_f4dd477a3a (19 scala sources)
2024.08.12 21:12:39 INFO  time: compiled labsheet_f4dd477a3a in 0.56s
2024.08.12 21:12:40 WARN  Could not find semantic tokens for: file:///C:/Users/tharu/Desktop/scala/scala/labsheet/labsheet08/Q1.scala
2024.08.12 21:12:39 INFO  compiling labsheet_f4dd477a3a (19 scala sources)
2024.08.12 21:12:41 INFO  time: compiled labsheet_f4dd477a3a in 0.93s
2024.08.12 21:12:41 WARN  Could not find semantic tokens for: file:///C:/Users/tharu/Desktop/scala/scala/labsheet/labsheet08/Q1.scala
2024.08.12 21:12:41 INFO  compiling labsheet_f4dd477a3a (19 scala sources)
2024.08.12 21:12:43 INFO  time: compiled labsheet_f4dd477a3a in 0.8s
2024.08.12 21:12:43 INFO  compiling labsheet_f4dd477a3a (19 scala sources)
2024.08.12 21:12:44 INFO  time: compiled labsheet_f4dd477a3a in 0.87s
2024.08.12 21:13:06 INFO  Shutting down server
2024.08.12 21:13:06 INFO  shutting down Metals
2024.08.12 21:13:06 INFO  Shut down connection with build server.
2024.08.12 21:13:06 INFO  Exiting server
